// Jest Snapshot v1, https://goo.gl/fbAQLP

exports[`relottie-extract-features fixtures features Test in effects-wave.json should have correct data 1`] = `
Map {
  "version" => {
    "n": 0,
    "parents": Map {
      "animation" => {
        "n": 0,
        "y": 1,
      },
    },
    "y": 1,
  },
  "framerate" => {
    "n": 0,
    "parents": Map {
      "animation" => {
        "n": 0,
        "y": 1,
      },
    },
    "y": 1,
  },
  "in-point" => {
    "n": 0,
    "parents": Map {
      "animation" => {
        "n": 0,
        "y": 1,
      },
      "layer-image" => {
        "n": 0,
        "y": 1,
      },
    },
    "y": 2,
  },
  "out-point" => {
    "n": 0,
    "parents": Map {
      "animation" => {
        "n": 0,
        "y": 1,
      },
      "layer-image" => {
        "n": 0,
        "y": 1,
      },
    },
    "y": 2,
  },
  "width" => {
    "n": 0,
    "parents": Map {
      "animation" => {
        "n": 0,
        "y": 1,
      },
      "asset-image" => {
        "n": 0,
        "y": 1,
      },
    },
    "y": 2,
  },
  "height" => {
    "n": 0,
    "parents": Map {
      "animation" => {
        "n": 0,
        "y": 1,
      },
      "asset-image" => {
        "n": 0,
        "y": 1,
      },
    },
    "y": 2,
  },
  "name" => {
    "n": 0,
    "parents": Map {
      "animation" => {
        "n": 0,
        "y": 1,
      },
      "layer-image" => {
        "n": 0,
        "y": 1,
      },
      "effect-custom" => {
        "n": 0,
        "y": 1,
      },
      "effect-param-dropdown" => {
        "n": 0,
        "y": 4,
      },
      "effect-param-slider" => {
        "n": 0,
        "y": 4,
      },
    },
    "y": 11,
  },
  "threedimensional" => {
    "n": 1,
    "parents": Map {
      "animation" => {
        "n": 1,
        "y": 0,
      },
    },
    "y": 0,
  },
  "assets" => {
    "n": 0,
    "parents": Map {
      "animation" => {
        "n": 0,
        "y": 1,
      },
    },
    "y": 1,
  },
  "assets-children" => {
    "n": 0,
    "parents": Map {
      "assets" => {
        "n": 0,
        "y": 1,
      },
    },
    "y": 1,
  },
  "asset-image" => {
    "n": 0,
    "parents": Map {
      "assets-children" => {
        "n": 0,
        "y": 1,
      },
    },
    "y": 1,
  },
  "id-asset-image" => {
    "n": 0,
    "parents": Map {
      "asset-image" => {
        "n": 0,
        "y": 1,
      },
    },
    "y": 1,
  },
  "filename" => {
    "n": 0,
    "parents": Map {
      "asset-image" => {
        "n": 0,
        "y": 1,
      },
    },
    "y": 1,
  },
  "path" => {
    "n": 1,
    "parents": Map {
      "asset-image" => {
        "n": 1,
        "y": 0,
      },
    },
    "y": 0,
  },
  "embedded" => {
    "n": 0,
    "parents": Map {
      "asset-image" => {
        "n": 0,
        "y": 1,
      },
    },
    "y": 1,
  },
  "composition" => {
    "n": 0,
    "parents": Map {
      "animation" => {
        "n": 0,
        "y": 1,
      },
    },
    "y": 1,
  },
  "composition-children" => {
    "n": 0,
    "parents": Map {
      "composition" => {
        "n": 0,
        "y": 1,
      },
    },
    "y": 1,
  },
  "layer-image" => {
    "n": 0,
    "parents": Map {
      "composition-children" => {
        "n": 0,
        "y": 1,
      },
    },
    "y": 1,
  },
  "layer-threedimensional" => {
    "n": 1,
    "parents": Map {
      "layer-image" => {
        "n": 1,
        "y": 0,
      },
    },
    "y": 0,
  },
  "composition-index" => {
    "n": 0,
    "parents": Map {
      "layer-image" => {
        "n": 0,
        "y": 1,
      },
    },
    "y": 1,
  },
  "layer-type" => {
    "n": 0,
    "parents": Map {
      "layer-image" => {
        "n": 0,
        "y": 1,
      },
    },
    "y": 1,
  },
  "css-class" => {
    "n": 0,
    "parents": Map {
      "layer-image" => {
        "n": 0,
        "y": 1,
      },
    },
    "y": 1,
  },
  "image-id" => {
    "n": 0,
    "parents": Map {
      "layer-image" => {
        "n": 0,
        "y": 1,
      },
    },
    "y": 1,
  },
  "time-stretch" => {
    "n": 1,
    "parents": Map {
      "layer-image" => {
        "n": 1,
        "y": 0,
      },
    },
    "y": 0,
  },
  "layer-transform" => {
    "n": 0,
    "parents": Map {
      "layer-image" => {
        "n": 0,
        "y": 1,
      },
    },
    "y": 1,
  },
  "layer-transform-children" => {
    "n": 0,
    "parents": Map {
      "layer-transform" => {
        "n": 0,
        "y": 1,
      },
    },
    "y": 1,
  },
  "transform-opacity" => {
    "n": 0,
    "parents": Map {
      "layer-transform-children" => {
        "n": 0,
        "y": 1,
      },
    },
    "y": 1,
  },
  "animated-value-static" => {
    "n": 0,
    "parents": Map {
      "transform-opacity" => {
        "n": 0,
        "y": 1,
      },
      "rotation-clockwise" => {
        "n": 0,
        "y": 1,
      },
      "effect-value-dropdown" => {
        "n": 0,
        "y": 4,
      },
      "effect-value-slider" => {
        "n": 0,
        "y": 4,
      },
    },
    "y": 10,
  },
  "animated" => {
    "n": 0,
    "parents": Map {
      "animated-value-static" => {
        "n": 0,
        "y": 10,
      },
      "animated-position-static" => {
        "n": 0,
        "y": 2,
      },
      "animated-multidimensional-static" => {
        "n": 0,
        "y": 1,
      },
    },
    "y": 13,
  },
  "static-value" => {
    "n": 0,
    "parents": Map {
      "animated-value-static" => {
        "n": 0,
        "y": 10,
      },
    },
    "y": 10,
  },
  "property-index" => {
    "n": 0,
    "parents": Map {
      "animated-value-static" => {
        "n": 0,
        "y": 10,
      },
      "animated-position-static" => {
        "n": 0,
        "y": 2,
      },
      "animated-multidimensional-static" => {
        "n": 0,
        "y": 1,
      },
      "effect-custom" => {
        "n": 0,
        "y": 1,
      },
      "effect-param-dropdown" => {
        "n": 0,
        "y": 4,
      },
      "effect-param-slider" => {
        "n": 0,
        "y": 4,
      },
    },
    "y": 22,
  },
  "rotation-clockwise" => {
    "n": 0,
    "parents": Map {
      "layer-transform-children" => {
        "n": 0,
        "y": 1,
      },
    },
    "y": 1,
  },
  "translation" => {
    "n": 0,
    "parents": Map {
      "layer-transform-children" => {
        "n": 0,
        "y": 1,
      },
    },
    "y": 1,
  },
  "animated-position-static" => {
    "n": 0,
    "parents": Map {
      "translation" => {
        "n": 0,
        "y": 1,
      },
      "anchor-point" => {
        "n": 0,
        "y": 1,
      },
    },
    "y": 2,
  },
  "static-values" => {
    "n": 0,
    "parents": Map {
      "animated-position-static" => {
        "n": 0,
        "y": 2,
      },
      "animated-multidimensional-static" => {
        "n": 0,
        "y": 1,
      },
    },
    "y": 3,
  },
  "static-values-children" => {
    "n": 0,
    "parents": Map {
      "static-values" => {
        "n": 0,
        "y": 3,
      },
    },
    "y": 3,
  },
  "length" => {
    "n": 0,
    "parents": Map {
      "animated-position-static" => {
        "n": 0,
        "y": 2,
      },
      "animated-multidimensional-static" => {
        "n": 0,
        "y": 1,
      },
    },
    "y": 3,
  },
  "anchor-point" => {
    "n": 0,
    "parents": Map {
      "layer-transform-children" => {
        "n": 0,
        "y": 1,
      },
    },
    "y": 1,
  },
  "layer-transform-scale" => {
    "n": 0,
    "parents": Map {
      "layer-transform-children" => {
        "n": 0,
        "y": 1,
      },
    },
    "y": 1,
  },
  "animated-multidimensional-static" => {
    "n": 0,
    "parents": Map {
      "layer-transform-scale" => {
        "n": 0,
        "y": 1,
      },
    },
    "y": 1,
  },
  "auto-orient" => {
    "n": 1,
    "parents": Map {
      "layer-image" => {
        "n": 1,
        "y": 0,
      },
    },
    "y": 0,
  },
  "effect-list" => {
    "n": 0,
    "parents": Map {
      "layer-image" => {
        "n": 0,
        "y": 1,
      },
    },
    "y": 1,
  },
  "effect-list-children" => {
    "n": 0,
    "parents": Map {
      "effect-list" => {
        "n": 0,
        "y": 1,
      },
    },
    "y": 1,
  },
  "effect-custom" => {
    "n": 0,
    "parents": Map {
      "effect-list-children" => {
        "n": 0,
        "y": 1,
      },
    },
    "y": 1,
  },
  "effect-type" => {
    "n": 0,
    "parents": Map {
      "effect-custom" => {
        "n": 0,
        "y": 1,
      },
      "effect-param-dropdown" => {
        "n": 0,
        "y": 4,
      },
      "effect-param-slider" => {
        "n": 0,
        "y": 4,
      },
    },
    "y": 9,
  },
  "effect-property-count" => {
    "n": 0,
    "parents": Map {
      "effect-custom" => {
        "n": 0,
        "y": 1,
      },
    },
    "y": 1,
  },
  "match-name" => {
    "n": 0,
    "parents": Map {
      "effect-custom" => {
        "n": 0,
        "y": 1,
      },
      "effect-param-dropdown" => {
        "n": 0,
        "y": 4,
      },
      "effect-param-slider" => {
        "n": 0,
        "y": 4,
      },
    },
    "y": 9,
  },
  "enabled" => {
    "n": 0,
    "parents": Map {
      "effect-custom" => {
        "n": 0,
        "y": 1,
      },
    },
    "y": 1,
  },
  "effect-param-list" => {
    "n": 0,
    "parents": Map {
      "effect-custom" => {
        "n": 0,
        "y": 1,
      },
    },
    "y": 1,
  },
  "effect-param-list-children" => {
    "n": 0,
    "parents": Map {
      "effect-param-list" => {
        "n": 0,
        "y": 1,
      },
    },
    "y": 1,
  },
  "effect-param-dropdown" => {
    "n": 0,
    "parents": Map {
      "effect-param-list-children" => {
        "n": 0,
        "y": 4,
      },
    },
    "y": 4,
  },
  "effect-value-dropdown" => {
    "n": 0,
    "parents": Map {
      "effect-param-dropdown" => {
        "n": 0,
        "y": 4,
      },
    },
    "y": 4,
  },
  "effect-param-slider" => {
    "n": 0,
    "parents": Map {
      "effect-param-list-children" => {
        "n": 0,
        "y": 4,
      },
    },
    "y": 4,
  },
  "effect-value-slider" => {
    "n": 0,
    "parents": Map {
      "effect-param-slider" => {
        "n": 0,
        "y": 4,
      },
    },
    "y": 4,
  },
  "start-time" => {
    "n": 0,
    "parents": Map {
      "layer-image" => {
        "n": 0,
        "y": 1,
      },
    },
    "y": 1,
  },
  "blend-mode-normal" => {
    "n": 0,
    "parents": Map {
      "layer-image" => {
        "n": 0,
        "y": 1,
      },
    },
    "y": 1,
  },
  "markers" => {
    "n": 1,
    "parents": Map {
      "animation" => {
        "n": 1,
        "y": 0,
      },
    },
    "y": 0,
  },
  "markers-children" => {
    "n": 1,
    "parents": Map {
      "markers" => {
        "n": 1,
        "y": 0,
      },
    },
    "y": 0,
  },
}
`;
