// Jest Snapshot v1, https://goo.gl/fbAQLP

exports[`relottie-extract-features fixtures features Test in matte.json should have correct data 1`] = `
{
  "used": Map {
    "version" => {
      "n": 0,
      "parents": Map {
        "animation" => {
          "n": 0,
          "y": 1,
        },
      },
      "y": 1,
    },
    "in-point" => {
      "n": 0,
      "parents": Map {
        "animation" => {
          "n": 0,
          "y": 1,
        },
        "layer-shape" => {
          "n": 0,
          "y": 2,
        },
      },
      "y": 3,
    },
    "out-point" => {
      "n": 0,
      "parents": Map {
        "animation" => {
          "n": 0,
          "y": 1,
        },
        "layer-shape" => {
          "n": 0,
          "y": 2,
        },
      },
      "y": 3,
    },
    "name" => {
      "n": 0,
      "parents": Map {
        "animation" => {
          "n": 0,
          "y": 1,
        },
        "layer-shape" => {
          "n": 0,
          "y": 2,
        },
        "shape-ellipse" => {
          "n": 0,
          "y": 1,
        },
        "shape-stroke" => {
          "n": 0,
          "y": 3,
        },
        "shape-fill" => {
          "n": 0,
          "y": 3,
        },
        "shape-group" => {
          "n": 0,
          "y": 2,
        },
        "shape-star" => {
          "n": 0,
          "y": 1,
        },
        "shape-rectangle" => {
          "n": 0,
          "y": 1,
        },
      },
      "y": 14,
    },
    "match-name" => {
      "n": 0,
      "parents": Map {
        "animation" => {
          "n": 0,
          "y": 1,
        },
        "shape-ellipse" => {
          "n": 0,
          "y": 1,
        },
        "shape-stroke" => {
          "n": 0,
          "y": 3,
        },
        "shape-fill" => {
          "n": 0,
          "y": 3,
        },
        "shape-group" => {
          "n": 0,
          "y": 2,
        },
        "shape-star" => {
          "n": 0,
          "y": 1,
        },
        "shape-rectangle" => {
          "n": 0,
          "y": 1,
        },
      },
      "y": 12,
    },
    "framerate" => {
      "n": 0,
      "parents": Map {
        "animation" => {
          "n": 0,
          "y": 1,
        },
      },
      "y": 1,
    },
    "width" => {
      "n": 0,
      "parents": Map {
        "animation" => {
          "n": 0,
          "y": 1,
        },
      },
      "y": 1,
    },
    "height" => {
      "n": 0,
      "parents": Map {
        "animation" => {
          "n": 0,
          "y": 1,
        },
      },
      "y": 1,
    },
    "assets" => {
      "n": 1,
      "parents": Map {
        "animation" => {
          "n": 1,
          "y": 0,
        },
      },
      "y": 0,
    },
    "assets-children" => {
      "n": 1,
      "parents": Map {
        "assets" => {
          "n": 1,
          "y": 0,
        },
      },
      "y": 0,
    },
    "composition" => {
      "n": 0,
      "parents": Map {
        "animation" => {
          "n": 0,
          "y": 1,
        },
      },
      "y": 1,
    },
    "composition-children" => {
      "n": 0,
      "parents": Map {
        "composition" => {
          "n": 0,
          "y": 1,
        },
      },
      "y": 1,
    },
    "layer-shape" => {
      "n": 0,
      "parents": Map {
        "composition-children" => {
          "n": 0,
          "y": 2,
        },
      },
      "y": 2,
    },
    "layer-threedimensional" => {
      "n": 2,
      "parents": Map {
        "layer-shape" => {
          "n": 2,
          "y": 0,
        },
      },
      "y": 0,
    },
    "layer-type" => {
      "n": 0,
      "parents": Map {
        "layer-shape" => {
          "n": 0,
          "y": 2,
        },
      },
      "y": 2,
    },
    "composition-index" => {
      "n": 0,
      "parents": Map {
        "layer-shape" => {
          "n": 0,
          "y": 2,
        },
      },
      "y": 2,
    },
    "start-time" => {
      "n": 0,
      "parents": Map {
        "layer-shape" => {
          "n": 0,
          "y": 2,
        },
      },
      "y": 2,
    },
    "layer-transform" => {
      "n": 0,
      "parents": Map {
        "layer-shape" => {
          "n": 0,
          "y": 2,
        },
      },
      "y": 2,
    },
    "layer-transform-children" => {
      "n": 0,
      "parents": Map {
        "layer-transform" => {
          "n": 0,
          "y": 2,
        },
      },
      "y": 2,
    },
    "anchor-point" => {
      "n": 0,
      "parents": Map {
        "layer-transform-children" => {
          "n": 0,
          "y": 2,
        },
        "shape-transform" => {
          "n": 0,
          "y": 2,
        },
      },
      "y": 4,
    },
    "animated-position-static" => {
      "n": 0,
      "parents": Map {
        "anchor-point" => {
          "n": 0,
          "y": 4,
        },
        "translation" => {
          "n": 0,
          "y": 4,
        },
        "animated-position-prop" => {
          "n": 0,
          "y": 3,
        },
      },
      "y": 11,
    },
    "animated" => {
      "n": 0,
      "parents": Map {
        "animated-position-static" => {
          "n": 0,
          "y": 11,
        },
        "animated-multidimensional-static" => {
          "n": 0,
          "y": 9,
        },
        "animated-value-static" => {
          "n": 0,
          "y": 24,
        },
        "animated-color-static" => {
          "n": 0,
          "y": 3,
        },
      },
      "y": 47,
    },
    "static-values" => {
      "n": 0,
      "parents": Map {
        "animated-position-static" => {
          "n": 0,
          "y": 11,
        },
        "animated-multidimensional-static" => {
          "n": 0,
          "y": 9,
        },
      },
      "y": 20,
    },
    "static-values-children" => {
      "n": 0,
      "parents": Map {
        "static-values" => {
          "n": 0,
          "y": 20,
        },
      },
      "y": 20,
    },
    "translation" => {
      "n": 0,
      "parents": Map {
        "layer-transform-children" => {
          "n": 0,
          "y": 2,
        },
        "shape-transform" => {
          "n": 0,
          "y": 2,
        },
      },
      "y": 4,
    },
    "layer-transform-scale" => {
      "n": 0,
      "parents": Map {
        "layer-transform-children" => {
          "n": 0,
          "y": 2,
        },
      },
      "y": 2,
    },
    "animated-multidimensional-static" => {
      "n": 0,
      "parents": Map {
        "layer-transform-scale" => {
          "n": 0,
          "y": 2,
        },
        "shape-ellipse-size" => {
          "n": 0,
          "y": 1,
        },
        "shape-stroke-color" => {
          "n": 0,
          "y": 3,
        },
        "shape-transform-scale" => {
          "n": 0,
          "y": 2,
        },
        "shape-rectangle-size" => {
          "n": 0,
          "y": 1,
        },
      },
      "y": 9,
    },
    "rotation-clockwise" => {
      "n": 0,
      "parents": Map {
        "layer-transform-children" => {
          "n": 0,
          "y": 2,
        },
        "shape-transform" => {
          "n": 0,
          "y": 2,
        },
      },
      "y": 4,
    },
    "animated-value-static" => {
      "n": 0,
      "parents": Map {
        "rotation-clockwise" => {
          "n": 0,
          "y": 4,
        },
        "transform-opacity" => {
          "n": 0,
          "y": 4,
        },
        "stroke-opacity" => {
          "n": 0,
          "y": 3,
        },
        "stroke-width" => {
          "n": 0,
          "y": 3,
        },
        "shape-fill-opacity" => {
          "n": 0,
          "y": 3,
        },
        "shape-star-outer-radius" => {
          "n": 0,
          "y": 1,
        },
        "inner-radius" => {
          "n": 0,
          "y": 1,
        },
        "polygon-rotation-clockwise" => {
          "n": 0,
          "y": 1,
        },
        "shape-star-points" => {
          "n": 0,
          "y": 1,
        },
        "shape-star-outer-roundness" => {
          "n": 0,
          "y": 1,
        },
        "inner-roundness" => {
          "n": 0,
          "y": 1,
        },
        "rounded" => {
          "n": 0,
          "y": 1,
        },
      },
      "y": 24,
    },
    "static-value" => {
      "n": 0,
      "parents": Map {
        "animated-value-static" => {
          "n": 0,
          "y": 24,
        },
      },
      "y": 24,
    },
    "transform-opacity" => {
      "n": 0,
      "parents": Map {
        "layer-transform-children" => {
          "n": 0,
          "y": 2,
        },
        "shape-transform" => {
          "n": 0,
          "y": 2,
        },
      },
      "y": 4,
    },
    "shape-list" => {
      "n": 0,
      "parents": Map {
        "layer-shape" => {
          "n": 0,
          "y": 2,
        },
        "shape-group" => {
          "n": 0,
          "y": 2,
        },
      },
      "y": 4,
    },
    "shape-list-children" => {
      "n": 0,
      "parents": Map {
        "shape-list" => {
          "n": 0,
          "y": 4,
        },
      },
      "y": 4,
    },
    "shape-ellipse" => {
      "n": 0,
      "parents": Map {
        "shape-list-children" => {
          "n": 0,
          "y": 1,
        },
      },
      "y": 1,
    },
    "shape-type" => {
      "n": 0,
      "parents": Map {
        "shape-ellipse" => {
          "n": 0,
          "y": 1,
        },
        "shape-stroke" => {
          "n": 0,
          "y": 3,
        },
        "shape-fill" => {
          "n": 0,
          "y": 3,
        },
        "shape-group" => {
          "n": 0,
          "y": 2,
        },
        "shape-star" => {
          "n": 0,
          "y": 1,
        },
        "shape-transform" => {
          "n": 0,
          "y": 2,
        },
        "shape-rectangle" => {
          "n": 0,
          "y": 1,
        },
      },
      "y": 13,
    },
    "animated-position-prop" => {
      "n": 0,
      "parents": Map {
        "shape-ellipse" => {
          "n": 0,
          "y": 1,
        },
        "shape-star" => {
          "n": 0,
          "y": 1,
        },
        "shape-rectangle" => {
          "n": 0,
          "y": 1,
        },
      },
      "y": 3,
    },
    "shape-ellipse-size" => {
      "n": 0,
      "parents": Map {
        "shape-ellipse" => {
          "n": 0,
          "y": 1,
        },
      },
      "y": 1,
    },
    "shape-stroke" => {
      "n": 0,
      "parents": Map {
        "shape-list-children" => {
          "n": 0,
          "y": 3,
        },
      },
      "y": 3,
    },
    "stroke-opacity" => {
      "n": 0,
      "parents": Map {
        "shape-stroke" => {
          "n": 0,
          "y": 3,
        },
      },
      "y": 3,
    },
    "shape-stroke-color" => {
      "n": 0,
      "parents": Map {
        "shape-stroke" => {
          "n": 0,
          "y": 3,
        },
      },
      "y": 3,
    },
    "line-cap-round" => {
      "n": 0,
      "parents": Map {
        "shape-stroke" => {
          "n": 0,
          "y": 3,
        },
      },
      "y": 3,
    },
    "line-join-round" => {
      "n": 0,
      "parents": Map {
        "shape-stroke" => {
          "n": 0,
          "y": 3,
        },
      },
      "y": 3,
    },
    "miter-limit-value" => {
      "n": 0,
      "parents": Map {
        "shape-stroke" => {
          "n": 0,
          "y": 3,
        },
      },
      "y": 3,
    },
    "stroke-width" => {
      "n": 0,
      "parents": Map {
        "shape-stroke" => {
          "n": 0,
          "y": 3,
        },
      },
      "y": 3,
    },
    "shape-fill" => {
      "n": 0,
      "parents": Map {
        "shape-list-children" => {
          "n": 0,
          "y": 3,
        },
      },
      "y": 3,
    },
    "shape-fill-opacity" => {
      "n": 0,
      "parents": Map {
        "shape-fill" => {
          "n": 0,
          "y": 3,
        },
      },
      "y": 3,
    },
    "shape-fill-color" => {
      "n": 0,
      "parents": Map {
        "shape-fill" => {
          "n": 0,
          "y": 3,
        },
      },
      "y": 3,
    },
    "animated-color-static" => {
      "n": 0,
      "parents": Map {
        "shape-fill-color" => {
          "n": 0,
          "y": 3,
        },
      },
      "y": 3,
    },
    "color-rgba" => {
      "n": 0,
      "parents": Map {
        "animated-color-static" => {
          "n": 0,
          "y": 3,
        },
      },
      "y": 3,
    },
    "color-rgba-children" => {
      "n": 0,
      "parents": Map {
        "color-rgba" => {
          "n": 0,
          "y": 3,
        },
      },
      "y": 3,
    },
    "fill-rule-non-zero" => {
      "n": 0,
      "parents": Map {
        "shape-fill" => {
          "n": 0,
          "y": 3,
        },
      },
      "y": 3,
    },
    "shape-group" => {
      "n": 0,
      "parents": Map {
        "shape-list-children" => {
          "n": 0,
          "y": 2,
        },
      },
      "y": 2,
    },
    "shape-star" => {
      "n": 0,
      "parents": Map {
        "shape-list-children" => {
          "n": 0,
          "y": 1,
        },
      },
      "y": 1,
    },
    "shape-star-outer-radius" => {
      "n": 0,
      "parents": Map {
        "shape-star" => {
          "n": 0,
          "y": 1,
        },
      },
      "y": 1,
    },
    "inner-radius" => {
      "n": 0,
      "parents": Map {
        "shape-star" => {
          "n": 0,
          "y": 1,
        },
      },
      "y": 1,
    },
    "polygon-rotation-clockwise" => {
      "n": 0,
      "parents": Map {
        "shape-star" => {
          "n": 0,
          "y": 1,
        },
      },
      "y": 1,
    },
    "shape-star-points" => {
      "n": 0,
      "parents": Map {
        "shape-star" => {
          "n": 0,
          "y": 1,
        },
      },
      "y": 1,
    },
    "shape-polygon-star-type" => {
      "n": 0,
      "parents": Map {
        "shape-star" => {
          "n": 0,
          "y": 1,
        },
      },
      "y": 1,
    },
    "shape-star-outer-roundness" => {
      "n": 0,
      "parents": Map {
        "shape-star" => {
          "n": 0,
          "y": 1,
        },
      },
      "y": 1,
    },
    "inner-roundness" => {
      "n": 0,
      "parents": Map {
        "shape-star" => {
          "n": 0,
          "y": 1,
        },
      },
      "y": 1,
    },
    "hidden" => {
      "n": 0,
      "parents": Map {
        "shape-stroke" => {
          "n": 0,
          "y": 2,
        },
      },
      "y": 2,
    },
    "shape-transform" => {
      "n": 0,
      "parents": Map {
        "shape-list-children" => {
          "n": 0,
          "y": 2,
        },
      },
      "y": 2,
    },
    "shape-transform-scale" => {
      "n": 0,
      "parents": Map {
        "shape-transform" => {
          "n": 0,
          "y": 2,
        },
      },
      "y": 2,
    },
    "shape-rectangle" => {
      "n": 0,
      "parents": Map {
        "shape-list-children" => {
          "n": 0,
          "y": 1,
        },
      },
      "y": 1,
    },
    "shape-rectangle-size" => {
      "n": 0,
      "parents": Map {
        "shape-rectangle" => {
          "n": 0,
          "y": 1,
        },
      },
      "y": 1,
    },
    "rounded" => {
      "n": 0,
      "parents": Map {
        "shape-rectangle" => {
          "n": 0,
          "y": 1,
        },
      },
      "y": 1,
    },
    "matte-mode-alpha" => {
      "n": 0,
      "parents": Map {
        "layer-shape" => {
          "n": 0,
          "y": 1,
        },
      },
      "y": 1,
    },
    "metadata" => {
      "n": 0,
      "parents": Map {
        "animation" => {
          "n": 0,
          "y": 1,
        },
      },
      "y": 1,
    },
    "metadata-children" => {
      "n": 0,
      "parents": Map {
        "metadata" => {
          "n": 0,
          "y": 1,
        },
      },
      "y": 1,
    },
    "generator" => {
      "n": 0,
      "parents": Map {
        "metadata-children" => {
          "n": 0,
          "y": 1,
        },
      },
      "y": 1,
    },
  },
}
`;
