// Jest Snapshot v1, https://goo.gl/fbAQLP

exports[`relottie-extract-features fixtures features Test in precomp-star-comp.json should have correct data 1`] = `
Map {
  "version" => {
    "n": 0,
    "parents": Map {
      "animation" => {
        "n": 0,
        "y": 1,
      },
    },
    "y": 1,
  },
  "in-point" => {
    "n": 0,
    "parents": Map {
      "animation" => {
        "n": 0,
        "y": 1,
      },
      "layer-shape" => {
        "n": 0,
        "y": 1,
      },
      "layer-precomposition" => {
        "n": 0,
        "y": 1,
      },
    },
    "y": 3,
  },
  "out-point" => {
    "n": 0,
    "parents": Map {
      "animation" => {
        "n": 0,
        "y": 1,
      },
      "layer-shape" => {
        "n": 0,
        "y": 1,
      },
      "layer-precomposition" => {
        "n": 0,
        "y": 1,
      },
    },
    "y": 3,
  },
  "name" => {
    "n": 0,
    "parents": Map {
      "animation" => {
        "n": 0,
        "y": 1,
      },
      "layer-shape" => {
        "n": 0,
        "y": 1,
      },
      "shape-star" => {
        "n": 0,
        "y": 1,
      },
      "shape-stroke" => {
        "n": 0,
        "y": 1,
      },
      "shape-fill" => {
        "n": 0,
        "y": 1,
      },
      "layer-precomposition" => {
        "n": 0,
        "y": 1,
      },
    },
    "y": 6,
  },
  "match-name" => {
    "n": 0,
    "parents": Map {
      "animation" => {
        "n": 0,
        "y": 1,
      },
      "layer-shape" => {
        "n": 0,
        "y": 1,
      },
      "shape-star" => {
        "n": 0,
        "y": 1,
      },
      "shape-stroke" => {
        "n": 0,
        "y": 1,
      },
      "shape-fill" => {
        "n": 0,
        "y": 1,
      },
    },
    "y": 5,
  },
  "framerate" => {
    "n": 0,
    "parents": Map {
      "animation" => {
        "n": 0,
        "y": 1,
      },
    },
    "y": 1,
  },
  "width" => {
    "n": 0,
    "parents": Map {
      "animation" => {
        "n": 0,
        "y": 1,
      },
      "layer-precomposition" => {
        "n": 0,
        "y": 1,
      },
    },
    "y": 2,
  },
  "height" => {
    "n": 0,
    "parents": Map {
      "animation" => {
        "n": 0,
        "y": 1,
      },
      "layer-precomposition" => {
        "n": 0,
        "y": 1,
      },
    },
    "y": 2,
  },
  "assets" => {
    "n": 0,
    "parents": Map {
      "animation" => {
        "n": 0,
        "y": 1,
      },
    },
    "y": 1,
  },
  "assets-children" => {
    "n": 0,
    "parents": Map {
      "assets" => {
        "n": 0,
        "y": 1,
      },
    },
    "y": 1,
  },
  "asset-precomposition" => {
    "n": 0,
    "parents": Map {
      "assets-children" => {
        "n": 0,
        "y": 1,
      },
    },
    "y": 1,
  },
  "id-asset-precomposition" => {
    "n": 0,
    "parents": Map {
      "asset-precomposition" => {
        "n": 0,
        "y": 1,
      },
    },
    "y": 1,
  },
  "composition" => {
    "n": 0,
    "parents": Map {
      "asset-precomposition" => {
        "n": 0,
        "y": 1,
      },
      "animation" => {
        "n": 0,
        "y": 1,
      },
    },
    "y": 2,
  },
  "composition-children" => {
    "n": 0,
    "parents": Map {
      "composition" => {
        "n": 0,
        "y": 2,
      },
    },
    "y": 2,
  },
  "layer-shape" => {
    "n": 0,
    "parents": Map {
      "composition-children" => {
        "n": 0,
        "y": 1,
      },
    },
    "y": 1,
  },
  "layer-threedimensional" => {
    "n": 2,
    "parents": Map {
      "layer-shape" => {
        "n": 1,
        "y": 0,
      },
      "layer-precomposition" => {
        "n": 1,
        "y": 0,
      },
    },
    "y": 0,
  },
  "layer-type" => {
    "n": 0,
    "parents": Map {
      "layer-shape" => {
        "n": 0,
        "y": 1,
      },
      "layer-precomposition" => {
        "n": 0,
        "y": 1,
      },
    },
    "y": 2,
  },
  "composition-index" => {
    "n": 0,
    "parents": Map {
      "layer-shape" => {
        "n": 0,
        "y": 1,
      },
      "layer-precomposition" => {
        "n": 0,
        "y": 1,
      },
    },
    "y": 2,
  },
  "start-time" => {
    "n": 0,
    "parents": Map {
      "layer-shape" => {
        "n": 0,
        "y": 1,
      },
      "layer-precomposition" => {
        "n": 0,
        "y": 1,
      },
    },
    "y": 2,
  },
  "layer-transform" => {
    "n": 2,
    "parents": Map {
      "layer-shape" => {
        "n": 1,
        "y": 0,
      },
      "layer-precomposition" => {
        "n": 1,
        "y": 0,
      },
    },
    "y": 0,
  },
  "layer-transform-children" => {
    "n": 2,
    "parents": Map {
      "layer-transform" => {
        "n": 2,
        "y": 0,
      },
    },
    "y": 0,
  },
  "shape-list" => {
    "n": 0,
    "parents": Map {
      "layer-shape" => {
        "n": 0,
        "y": 1,
      },
    },
    "y": 1,
  },
  "shape-list-children" => {
    "n": 0,
    "parents": Map {
      "shape-list" => {
        "n": 0,
        "y": 1,
      },
    },
    "y": 1,
  },
  "shape-star" => {
    "n": 0,
    "parents": Map {
      "shape-list-children" => {
        "n": 0,
        "y": 1,
      },
    },
    "y": 1,
  },
  "shape-type" => {
    "n": 0,
    "parents": Map {
      "shape-star" => {
        "n": 0,
        "y": 1,
      },
      "shape-stroke" => {
        "n": 0,
        "y": 1,
      },
      "shape-fill" => {
        "n": 0,
        "y": 1,
      },
    },
    "y": 3,
  },
  "shape-direction-clockwise" => {
    "n": 0,
    "parents": Map {
      "shape-star" => {
        "n": 0,
        "y": 1,
      },
    },
    "y": 1,
  },
  "animated-position-prop" => {
    "n": 0,
    "parents": Map {
      "shape-star" => {
        "n": 0,
        "y": 1,
      },
    },
    "y": 1,
  },
  "animated-position" => {
    "n": 0,
    "parents": Map {
      "animated-position-prop" => {
        "n": 0,
        "y": 1,
      },
    },
    "y": 1,
  },
  "animated" => {
    "n": 0,
    "parents": Map {
      "animated-position" => {
        "n": 0,
        "y": 1,
      },
      "animated-value" => {
        "n": 0,
        "y": 2,
      },
      "animated-value-static" => {
        "n": 0,
        "y": 7,
      },
      "animated-multidimensional-static" => {
        "n": 0,
        "y": 1,
      },
      "animated-color-static" => {
        "n": 0,
        "y": 1,
      },
    },
    "y": 12,
  },
  "position-keyframe-list" => {
    "n": 0,
    "parents": Map {
      "animated-position" => {
        "n": 0,
        "y": 1,
      },
    },
    "y": 1,
  },
  "position-keyframe-list-children" => {
    "n": 0,
    "parents": Map {
      "position-keyframe-list" => {
        "n": 0,
        "y": 1,
      },
    },
    "y": 1,
  },
  "position-keyframe" => {
    "n": 0,
    "parents": Map {
      "position-keyframe-list-children" => {
        "n": 0,
        "y": 2,
      },
    },
    "y": 2,
  },
  "position-keyframe-time" => {
    "n": 0,
    "parents": Map {
      "position-keyframe" => {
        "n": 0,
        "y": 2,
      },
    },
    "y": 2,
  },
  "keyframe-value" => {
    "n": 0,
    "parents": Map {
      "position-keyframe" => {
        "n": 0,
        "y": 2,
      },
      "keyframe" => {
        "n": 0,
        "y": 8,
      },
    },
    "y": 10,
  },
  "keyframe-value-children" => {
    "n": 0,
    "parents": Map {
      "keyframe-value" => {
        "n": 0,
        "y": 10,
      },
    },
    "y": 10,
  },
  "hold" => {
    "n": 7,
    "parents": Map {
      "position-keyframe" => {
        "n": 1,
        "y": 0,
      },
      "keyframe" => {
        "n": 6,
        "y": 0,
      },
    },
    "y": 0,
  },
  "position-keyframe-out-tangent" => {
    "n": 0,
    "parents": Map {
      "position-keyframe" => {
        "n": 0,
        "y": 1,
      },
    },
    "y": 1,
  },
  "keyframe-bezier-handle" => {
    "n": 0,
    "parents": Map {
      "position-keyframe-out-tangent" => {
        "n": 0,
        "y": 1,
      },
      "position-keyframe-in-tangent" => {
        "n": 0,
        "y": 1,
      },
      "keyframe-out-tangent" => {
        "n": 0,
        "y": 6,
      },
      "keyframe-in-tangent" => {
        "n": 0,
        "y": 6,
      },
    },
    "y": 14,
  },
  "bezier-x-axis" => {
    "n": 0,
    "parents": Map {
      "keyframe-bezier-handle" => {
        "n": 0,
        "y": 14,
      },
    },
    "y": 14,
  },
  "bezier-x-axis-children" => {
    "n": 0,
    "parents": Map {
      "bezier-x-axis" => {
        "n": 0,
        "y": 14,
      },
    },
    "y": 14,
  },
  "bezier-y-axis" => {
    "n": 0,
    "parents": Map {
      "keyframe-bezier-handle" => {
        "n": 0,
        "y": 14,
      },
    },
    "y": 14,
  },
  "bezier-y-axis-children" => {
    "n": 0,
    "parents": Map {
      "bezier-y-axis" => {
        "n": 0,
        "y": 14,
      },
    },
    "y": 14,
  },
  "position-keyframe-in-tangent" => {
    "n": 0,
    "parents": Map {
      "position-keyframe" => {
        "n": 0,
        "y": 1,
      },
    },
    "y": 1,
  },
  "shape-star-outer-radius" => {
    "n": 0,
    "parents": Map {
      "shape-star" => {
        "n": 0,
        "y": 1,
      },
    },
    "y": 1,
  },
  "animated-value" => {
    "n": 0,
    "parents": Map {
      "shape-star-outer-radius" => {
        "n": 0,
        "y": 1,
      },
      "inner-radius" => {
        "n": 0,
        "y": 1,
      },
    },
    "y": 2,
  },
  "keyframe-list" => {
    "n": 0,
    "parents": Map {
      "animated-value" => {
        "n": 0,
        "y": 2,
      },
    },
    "y": 2,
  },
  "keyframe-list-children" => {
    "n": 0,
    "parents": Map {
      "keyframe-list" => {
        "n": 0,
        "y": 2,
      },
    },
    "y": 2,
  },
  "keyframe" => {
    "n": 0,
    "parents": Map {
      "keyframe-list-children" => {
        "n": 0,
        "y": 8,
      },
    },
    "y": 8,
  },
  "keyframe-time" => {
    "n": 0,
    "parents": Map {
      "keyframe" => {
        "n": 0,
        "y": 8,
      },
    },
    "y": 8,
  },
  "keyframe-out-tangent" => {
    "n": 0,
    "parents": Map {
      "keyframe" => {
        "n": 0,
        "y": 6,
      },
    },
    "y": 6,
  },
  "keyframe-in-tangent" => {
    "n": 0,
    "parents": Map {
      "keyframe" => {
        "n": 0,
        "y": 6,
      },
    },
    "y": 6,
  },
  "inner-radius" => {
    "n": 0,
    "parents": Map {
      "shape-star" => {
        "n": 0,
        "y": 1,
      },
    },
    "y": 1,
  },
  "inner-roundness" => {
    "n": 0,
    "parents": Map {
      "shape-star" => {
        "n": 0,
        "y": 1,
      },
    },
    "y": 1,
  },
  "animated-value-static" => {
    "n": 0,
    "parents": Map {
      "inner-roundness" => {
        "n": 0,
        "y": 1,
      },
      "shape-star-outer-roundness" => {
        "n": 0,
        "y": 1,
      },
      "polygon-rotation-clockwise" => {
        "n": 0,
        "y": 1,
      },
      "shape-star-points" => {
        "n": 0,
        "y": 1,
      },
      "stroke-opacity" => {
        "n": 0,
        "y": 1,
      },
      "stroke-width" => {
        "n": 0,
        "y": 1,
      },
      "shape-fill-opacity" => {
        "n": 0,
        "y": 1,
      },
    },
    "y": 7,
  },
  "static-value" => {
    "n": 0,
    "parents": Map {
      "animated-value-static" => {
        "n": 0,
        "y": 7,
      },
    },
    "y": 7,
  },
  "shape-star-outer-roundness" => {
    "n": 0,
    "parents": Map {
      "shape-star" => {
        "n": 0,
        "y": 1,
      },
    },
    "y": 1,
  },
  "polygon-rotation-clockwise" => {
    "n": 0,
    "parents": Map {
      "shape-star" => {
        "n": 0,
        "y": 1,
      },
    },
    "y": 1,
  },
  "shape-star-points" => {
    "n": 0,
    "parents": Map {
      "shape-star" => {
        "n": 0,
        "y": 1,
      },
    },
    "y": 1,
  },
  "shape-polygon-star-type" => {
    "n": 0,
    "parents": Map {
      "shape-star" => {
        "n": 0,
        "y": 1,
      },
    },
    "y": 1,
  },
  "shape-stroke" => {
    "n": 0,
    "parents": Map {
      "shape-list-children" => {
        "n": 0,
        "y": 1,
      },
    },
    "y": 1,
  },
  "stroke-opacity" => {
    "n": 0,
    "parents": Map {
      "shape-stroke" => {
        "n": 0,
        "y": 1,
      },
    },
    "y": 1,
  },
  "line-cap-round" => {
    "n": 0,
    "parents": Map {
      "shape-stroke" => {
        "n": 0,
        "y": 1,
      },
    },
    "y": 1,
  },
  "line-join-round" => {
    "n": 0,
    "parents": Map {
      "shape-stroke" => {
        "n": 0,
        "y": 1,
      },
    },
    "y": 1,
  },
  "miter-limit-value" => {
    "n": 0,
    "parents": Map {
      "shape-stroke" => {
        "n": 0,
        "y": 1,
      },
    },
    "y": 1,
  },
  "stroke-width" => {
    "n": 0,
    "parents": Map {
      "shape-stroke" => {
        "n": 0,
        "y": 1,
      },
    },
    "y": 1,
  },
  "shape-stroke-color" => {
    "n": 0,
    "parents": Map {
      "shape-stroke" => {
        "n": 0,
        "y": 1,
      },
    },
    "y": 1,
  },
  "animated-multidimensional-static" => {
    "n": 0,
    "parents": Map {
      "shape-stroke-color" => {
        "n": 0,
        "y": 1,
      },
    },
    "y": 1,
  },
  "static-values" => {
    "n": 0,
    "parents": Map {
      "animated-multidimensional-static" => {
        "n": 0,
        "y": 1,
      },
    },
    "y": 1,
  },
  "static-values-children" => {
    "n": 0,
    "parents": Map {
      "static-values" => {
        "n": 0,
        "y": 1,
      },
    },
    "y": 1,
  },
  "shape-fill" => {
    "n": 0,
    "parents": Map {
      "shape-list-children" => {
        "n": 0,
        "y": 1,
      },
    },
    "y": 1,
  },
  "shape-fill-opacity" => {
    "n": 0,
    "parents": Map {
      "shape-fill" => {
        "n": 0,
        "y": 1,
      },
    },
    "y": 1,
  },
  "fill-rule-non-zero" => {
    "n": 0,
    "parents": Map {
      "shape-fill" => {
        "n": 0,
        "y": 1,
      },
    },
    "y": 1,
  },
  "shape-fill-color" => {
    "n": 0,
    "parents": Map {
      "shape-fill" => {
        "n": 0,
        "y": 1,
      },
    },
    "y": 1,
  },
  "animated-color-static" => {
    "n": 0,
    "parents": Map {
      "shape-fill-color" => {
        "n": 0,
        "y": 1,
      },
    },
    "y": 1,
  },
  "color-rgba" => {
    "n": 0,
    "parents": Map {
      "animated-color-static" => {
        "n": 0,
        "y": 1,
      },
    },
    "y": 1,
  },
  "color-rgba-children" => {
    "n": 0,
    "parents": Map {
      "color-rgba" => {
        "n": 0,
        "y": 1,
      },
    },
    "y": 1,
  },
  "layer-precomposition" => {
    "n": 0,
    "parents": Map {
      "composition-children" => {
        "n": 0,
        "y": 1,
      },
    },
    "y": 1,
  },
  "reference-id" => {
    "n": 0,
    "parents": Map {
      "layer-precomposition" => {
        "n": 0,
        "y": 1,
      },
    },
    "y": 1,
  },
  "metadata" => {
    "n": 0,
    "parents": Map {
      "animation" => {
        "n": 0,
        "y": 1,
      },
    },
    "y": 1,
  },
  "metadata-children" => {
    "n": 0,
    "parents": Map {
      "metadata" => {
        "n": 0,
        "y": 1,
      },
    },
    "y": 1,
  },
  "generator" => {
    "n": 0,
    "parents": Map {
      "metadata-children" => {
        "n": 0,
        "y": 1,
      },
    },
    "y": 1,
  },
}
`;
