// Jest Snapshot v1, https://goo.gl/fbAQLP

exports[`relottie-extract-features fixtures features Test in slots-gradient-fill.json should have correct data 1`] = `
Map {
  "version" => {
    "n": 0,
    "parents": Map {
      "animation" => {
        "n": 0,
        "y": 1,
      },
    },
    "y": 1,
  },
  "metadata" => {
    "n": 0,
    "parents": Map {
      "animation" => {
        "n": 0,
        "y": 1,
      },
    },
    "y": 1,
  },
  "metadata-children" => {
    "n": 0,
    "parents": Map {
      "metadata" => {
        "n": 0,
        "y": 1,
      },
    },
    "y": 1,
  },
  "generator" => {
    "n": 0,
    "parents": Map {
      "metadata-children" => {
        "n": 0,
        "y": 1,
      },
    },
    "y": 1,
  },
  "author" => {
    "n": 1,
    "parents": Map {
      "metadata-children" => {
        "n": 1,
        "y": 0,
      },
    },
    "y": 0,
  },
  "keyword" => {
    "n": 1,
    "parents": Map {
      "metadata-children" => {
        "n": 1,
        "y": 0,
      },
    },
    "y": 0,
  },
  "description" => {
    "n": 1,
    "parents": Map {
      "metadata-children" => {
        "n": 1,
        "y": 0,
      },
    },
    "y": 0,
  },
  "theme-color" => {
    "n": 1,
    "parents": Map {
      "metadata-children" => {
        "n": 1,
        "y": 0,
      },
    },
    "y": 0,
  },
  "framerate" => {
    "n": 0,
    "parents": Map {
      "animation" => {
        "n": 0,
        "y": 1,
      },
    },
    "y": 1,
  },
  "in-point" => {
    "n": 0,
    "parents": Map {
      "animation" => {
        "n": 0,
        "y": 1,
      },
      "layer-shape" => {
        "n": 0,
        "y": 1,
      },
    },
    "y": 2,
  },
  "out-point" => {
    "n": 0,
    "parents": Map {
      "animation" => {
        "n": 0,
        "y": 1,
      },
      "layer-shape" => {
        "n": 0,
        "y": 1,
      },
    },
    "y": 2,
  },
  "width" => {
    "n": 0,
    "parents": Map {
      "animation" => {
        "n": 0,
        "y": 1,
      },
    },
    "y": 1,
  },
  "height" => {
    "n": 0,
    "parents": Map {
      "animation" => {
        "n": 0,
        "y": 1,
      },
    },
    "y": 1,
  },
  "name" => {
    "n": 0,
    "parents": Map {
      "animation" => {
        "n": 0,
        "y": 1,
      },
      "layer-shape" => {
        "n": 0,
        "y": 1,
      },
      "shape-rectangle" => {
        "n": 0,
        "y": 1,
      },
      "shape-stroke" => {
        "n": 0,
        "y": 1,
      },
      "shape-gradient-fill" => {
        "n": 0,
        "y": 1,
      },
      "shape-transform" => {
        "n": 0,
        "y": 1,
      },
      "shape-group" => {
        "n": 0,
        "y": 1,
      },
    },
    "y": 7,
  },
  "assets" => {
    "n": 1,
    "parents": Map {
      "animation" => {
        "n": 1,
        "y": 0,
      },
    },
    "y": 0,
  },
  "assets-children" => {
    "n": 1,
    "parents": Map {
      "assets" => {
        "n": 1,
        "y": 0,
      },
    },
    "y": 0,
  },
  "slots" => {
    "n": 0,
    "parents": Map {
      "animation" => {
        "n": 0,
        "y": 1,
      },
    },
    "y": 1,
  },
  "slots-children" => {
    "n": 0,
    "parents": Map {
      "slots" => {
        "n": 0,
        "y": 1,
      },
    },
    "y": 1,
  },
  "slot" => {
    "n": 0,
    "parents": Map {
      "slots-children" => {
        "n": 0,
        "y": 1,
      },
    },
    "y": 1,
  },
  "slot-children" => {
    "n": 0,
    "parents": Map {
      "slot" => {
        "n": 0,
        "y": 1,
      },
    },
    "y": 1,
  },
  "slot-property" => {
    "n": 0,
    "parents": Map {
      "slot-children" => {
        "n": 0,
        "y": 1,
      },
    },
    "y": 1,
  },
  "animated-multidimensional-static" => {
    "n": 0,
    "parents": Map {
      "slot-property" => {
        "n": 0,
        "y": 1,
      },
      "layer-transform-scale" => {
        "n": 0,
        "y": 1,
      },
      "shape-rectangle-size" => {
        "n": 0,
        "y": 1,
      },
      "shape-stroke-color" => {
        "n": 0,
        "y": 1,
      },
      "animated-multidimensional-prop" => {
        "n": 0,
        "y": 1,
      },
      "shape-gradient-fill-start-point" => {
        "n": 0,
        "y": 1,
      },
      "shape-gradient-fill-end-point" => {
        "n": 0,
        "y": 1,
      },
      "shape-transform-scale" => {
        "n": 0,
        "y": 1,
      },
    },
    "y": 8,
  },
  "animated" => {
    "n": 0,
    "parents": Map {
      "animated-multidimensional-static" => {
        "n": 0,
        "y": 8,
      },
      "animated-value-static" => {
        "n": 0,
        "y": 9,
      },
      "animated-value" => {
        "n": 0,
        "y": 1,
      },
      "animated-position-static" => {
        "n": 0,
        "y": 5,
      },
    },
    "y": 23,
  },
  "static-values" => {
    "n": 0,
    "parents": Map {
      "animated-multidimensional-static" => {
        "n": 0,
        "y": 8,
      },
      "animated-position-static" => {
        "n": 0,
        "y": 5,
      },
    },
    "y": 13,
  },
  "static-values-children" => {
    "n": 0,
    "parents": Map {
      "static-values" => {
        "n": 0,
        "y": 13,
      },
    },
    "y": 13,
  },
  "composition" => {
    "n": 0,
    "parents": Map {
      "animation" => {
        "n": 0,
        "y": 1,
      },
    },
    "y": 1,
  },
  "composition-children" => {
    "n": 0,
    "parents": Map {
      "composition" => {
        "n": 0,
        "y": 1,
      },
    },
    "y": 1,
  },
  "layer-shape" => {
    "n": 0,
    "parents": Map {
      "composition-children" => {
        "n": 0,
        "y": 1,
      },
    },
    "y": 1,
  },
  "composition-index" => {
    "n": 0,
    "parents": Map {
      "layer-shape" => {
        "n": 0,
        "y": 1,
      },
    },
    "y": 1,
  },
  "layer-type" => {
    "n": 0,
    "parents": Map {
      "layer-shape" => {
        "n": 0,
        "y": 1,
      },
    },
    "y": 1,
  },
  "time-stretch" => {
    "n": 1,
    "parents": Map {
      "layer-shape" => {
        "n": 1,
        "y": 0,
      },
    },
    "y": 0,
  },
  "layer-transform" => {
    "n": 0,
    "parents": Map {
      "layer-shape" => {
        "n": 0,
        "y": 1,
      },
    },
    "y": 1,
  },
  "layer-transform-children" => {
    "n": 0,
    "parents": Map {
      "layer-transform" => {
        "n": 0,
        "y": 1,
      },
    },
    "y": 1,
  },
  "transform-opacity" => {
    "n": 0,
    "parents": Map {
      "layer-transform-children" => {
        "n": 0,
        "y": 1,
      },
      "shape-transform" => {
        "n": 0,
        "y": 1,
      },
    },
    "y": 2,
  },
  "animated-value-static" => {
    "n": 0,
    "parents": Map {
      "transform-opacity" => {
        "n": 0,
        "y": 2,
      },
      "rounded" => {
        "n": 0,
        "y": 1,
      },
      "stroke-opacity" => {
        "n": 0,
        "y": 1,
      },
      "stroke-width" => {
        "n": 0,
        "y": 1,
      },
      "shape-gradient-fill-opacity" => {
        "n": 0,
        "y": 1,
      },
      "rotation-clockwise" => {
        "n": 0,
        "y": 1,
      },
      "shape-transform-skew" => {
        "n": 0,
        "y": 1,
      },
      "shape-transform-skew-axis" => {
        "n": 0,
        "y": 1,
      },
    },
    "y": 9,
  },
  "static-value" => {
    "n": 0,
    "parents": Map {
      "animated-value-static" => {
        "n": 0,
        "y": 9,
      },
    },
    "y": 9,
  },
  "rotation-clockwise" => {
    "n": 0,
    "parents": Map {
      "layer-transform-children" => {
        "n": 0,
        "y": 1,
      },
      "shape-transform" => {
        "n": 0,
        "y": 1,
      },
    },
    "y": 2,
  },
  "animated-value" => {
    "n": 0,
    "parents": Map {
      "rotation-clockwise" => {
        "n": 0,
        "y": 1,
      },
    },
    "y": 1,
  },
  "keyframe-list" => {
    "n": 0,
    "parents": Map {
      "animated-value" => {
        "n": 0,
        "y": 1,
      },
    },
    "y": 1,
  },
  "keyframe-list-children" => {
    "n": 0,
    "parents": Map {
      "keyframe-list" => {
        "n": 0,
        "y": 1,
      },
    },
    "y": 1,
  },
  "keyframe" => {
    "n": 0,
    "parents": Map {
      "keyframe-list-children" => {
        "n": 0,
        "y": 2,
      },
    },
    "y": 2,
  },
  "keyframe-in-tangent" => {
    "n": 0,
    "parents": Map {
      "keyframe" => {
        "n": 0,
        "y": 1,
      },
    },
    "y": 1,
  },
  "keyframe-bezier-handle" => {
    "n": 0,
    "parents": Map {
      "keyframe-in-tangent" => {
        "n": 0,
        "y": 1,
      },
      "keyframe-out-tangent" => {
        "n": 0,
        "y": 1,
      },
    },
    "y": 2,
  },
  "bezier-x-axis" => {
    "n": 0,
    "parents": Map {
      "keyframe-bezier-handle" => {
        "n": 0,
        "y": 2,
      },
    },
    "y": 2,
  },
  "bezier-x-axis-children" => {
    "n": 0,
    "parents": Map {
      "bezier-x-axis" => {
        "n": 0,
        "y": 2,
      },
    },
    "y": 2,
  },
  "bezier-y-axis" => {
    "n": 0,
    "parents": Map {
      "keyframe-bezier-handle" => {
        "n": 0,
        "y": 2,
      },
    },
    "y": 2,
  },
  "bezier-y-axis-children" => {
    "n": 0,
    "parents": Map {
      "bezier-y-axis" => {
        "n": 0,
        "y": 2,
      },
    },
    "y": 2,
  },
  "keyframe-out-tangent" => {
    "n": 0,
    "parents": Map {
      "keyframe" => {
        "n": 0,
        "y": 1,
      },
    },
    "y": 1,
  },
  "keyframe-time" => {
    "n": 0,
    "parents": Map {
      "keyframe" => {
        "n": 0,
        "y": 2,
      },
    },
    "y": 2,
  },
  "keyframe-value" => {
    "n": 0,
    "parents": Map {
      "keyframe" => {
        "n": 0,
        "y": 2,
      },
    },
    "y": 2,
  },
  "keyframe-value-children" => {
    "n": 0,
    "parents": Map {
      "keyframe-value" => {
        "n": 0,
        "y": 2,
      },
    },
    "y": 2,
  },
  "translation" => {
    "n": 0,
    "parents": Map {
      "layer-transform-children" => {
        "n": 0,
        "y": 1,
      },
      "shape-transform" => {
        "n": 0,
        "y": 1,
      },
    },
    "y": 2,
  },
  "animated-position-static" => {
    "n": 0,
    "parents": Map {
      "translation" => {
        "n": 0,
        "y": 2,
      },
      "anchor-point" => {
        "n": 0,
        "y": 2,
      },
      "animated-position-prop" => {
        "n": 0,
        "y": 1,
      },
    },
    "y": 5,
  },
  "anchor-point" => {
    "n": 0,
    "parents": Map {
      "layer-transform-children" => {
        "n": 0,
        "y": 1,
      },
      "shape-transform" => {
        "n": 0,
        "y": 1,
      },
    },
    "y": 2,
  },
  "layer-transform-scale" => {
    "n": 0,
    "parents": Map {
      "layer-transform-children" => {
        "n": 0,
        "y": 1,
      },
    },
    "y": 1,
  },
  "auto-orient" => {
    "n": 1,
    "parents": Map {
      "layer-shape" => {
        "n": 1,
        "y": 0,
      },
    },
    "y": 0,
  },
  "shape-list" => {
    "n": 0,
    "parents": Map {
      "layer-shape" => {
        "n": 0,
        "y": 1,
      },
      "shape-group" => {
        "n": 0,
        "y": 1,
      },
    },
    "y": 2,
  },
  "shape-list-children" => {
    "n": 0,
    "parents": Map {
      "shape-list" => {
        "n": 0,
        "y": 2,
      },
    },
    "y": 2,
  },
  "shape-group" => {
    "n": 0,
    "parents": Map {
      "shape-list-children" => {
        "n": 0,
        "y": 1,
      },
    },
    "y": 1,
  },
  "shape-type" => {
    "n": 0,
    "parents": Map {
      "shape-group" => {
        "n": 0,
        "y": 1,
      },
      "shape-rectangle" => {
        "n": 0,
        "y": 1,
      },
      "shape-stroke" => {
        "n": 0,
        "y": 1,
      },
      "shape-gradient-fill" => {
        "n": 0,
        "y": 1,
      },
      "shape-transform" => {
        "n": 0,
        "y": 1,
      },
    },
    "y": 5,
  },
  "shape-rectangle" => {
    "n": 0,
    "parents": Map {
      "shape-list-children" => {
        "n": 0,
        "y": 1,
      },
    },
    "y": 1,
  },
  "shape-direction-clockwise" => {
    "n": 0,
    "parents": Map {
      "shape-rectangle" => {
        "n": 0,
        "y": 1,
      },
    },
    "y": 1,
  },
  "shape-rectangle-size" => {
    "n": 0,
    "parents": Map {
      "shape-rectangle" => {
        "n": 0,
        "y": 1,
      },
    },
    "y": 1,
  },
  "animated-position-prop" => {
    "n": 0,
    "parents": Map {
      "shape-rectangle" => {
        "n": 0,
        "y": 1,
      },
    },
    "y": 1,
  },
  "rounded" => {
    "n": 0,
    "parents": Map {
      "shape-rectangle" => {
        "n": 0,
        "y": 1,
      },
    },
    "y": 1,
  },
  "shape-stroke" => {
    "n": 0,
    "parents": Map {
      "shape-list-children" => {
        "n": 0,
        "y": 1,
      },
    },
    "y": 1,
  },
  "shape-stroke-color" => {
    "n": 0,
    "parents": Map {
      "shape-stroke" => {
        "n": 0,
        "y": 1,
      },
    },
    "y": 1,
  },
  "stroke-opacity" => {
    "n": 0,
    "parents": Map {
      "shape-stroke" => {
        "n": 0,
        "y": 1,
      },
    },
    "y": 1,
  },
  "stroke-width" => {
    "n": 0,
    "parents": Map {
      "shape-stroke" => {
        "n": 0,
        "y": 1,
      },
    },
    "y": 1,
  },
  "line-cap-butt" => {
    "n": 0,
    "parents": Map {
      "shape-stroke" => {
        "n": 0,
        "y": 1,
      },
    },
    "y": 1,
  },
  "line-join-miter" => {
    "n": 0,
    "parents": Map {
      "shape-stroke" => {
        "n": 0,
        "y": 1,
      },
    },
    "y": 1,
  },
  "miter-limit-value" => {
    "n": 0,
    "parents": Map {
      "shape-stroke" => {
        "n": 0,
        "y": 1,
      },
    },
    "y": 1,
  },
  "shape-gradient-fill" => {
    "n": 0,
    "parents": Map {
      "shape-list-children" => {
        "n": 0,
        "y": 1,
      },
    },
    "y": 1,
  },
  "shape-gradient-fill-opacity" => {
    "n": 0,
    "parents": Map {
      "shape-gradient-fill" => {
        "n": 0,
        "y": 1,
      },
    },
    "y": 1,
  },
  "fill-rule-non-zero" => {
    "n": 0,
    "parents": Map {
      "shape-gradient-fill" => {
        "n": 0,
        "y": 1,
      },
    },
    "y": 1,
  },
  "animated-gradient-colors" => {
    "n": 0,
    "parents": Map {
      "shape-gradient-fill" => {
        "n": 0,
        "y": 1,
      },
    },
    "y": 1,
  },
  "animated-gradient-colors-children" => {
    "n": 0,
    "parents": Map {
      "animated-gradient-colors" => {
        "n": 0,
        "y": 1,
      },
    },
    "y": 1,
  },
  "count" => {
    "n": 0,
    "parents": Map {
      "animated-gradient-colors-children" => {
        "n": 0,
        "y": 1,
      },
    },
    "y": 1,
  },
  "animated-multidimensional-prop" => {
    "n": 0,
    "parents": Map {
      "animated-gradient-colors-children" => {
        "n": 0,
        "y": 1,
      },
    },
    "y": 1,
  },
  "slot-id" => {
    "n": 0,
    "parents": Map {
      "animated-multidimensional-static" => {
        "n": 0,
        "y": 1,
      },
    },
    "y": 1,
  },
  "shape-gradient-fill-start-point" => {
    "n": 0,
    "parents": Map {
      "shape-gradient-fill" => {
        "n": 0,
        "y": 1,
      },
    },
    "y": 1,
  },
  "shape-gradient-fill-end-point" => {
    "n": 0,
    "parents": Map {
      "shape-gradient-fill" => {
        "n": 0,
        "y": 1,
      },
    },
    "y": 1,
  },
  "gradient-type-linear" => {
    "n": 0,
    "parents": Map {
      "shape-gradient-fill" => {
        "n": 0,
        "y": 1,
      },
    },
    "y": 1,
  },
  "shape-transform" => {
    "n": 0,
    "parents": Map {
      "shape-list-children" => {
        "n": 0,
        "y": 1,
      },
    },
    "y": 1,
  },
  "shape-transform-scale" => {
    "n": 0,
    "parents": Map {
      "shape-transform" => {
        "n": 0,
        "y": 1,
      },
    },
    "y": 1,
  },
  "shape-transform-skew" => {
    "n": 0,
    "parents": Map {
      "shape-transform" => {
        "n": 0,
        "y": 1,
      },
    },
    "y": 1,
  },
  "shape-transform-skew-axis" => {
    "n": 0,
    "parents": Map {
      "shape-transform" => {
        "n": 0,
        "y": 1,
      },
    },
    "y": 1,
  },
  "start-time" => {
    "n": 0,
    "parents": Map {
      "layer-shape" => {
        "n": 0,
        "y": 1,
      },
    },
    "y": 1,
  },
  "markers" => {
    "n": 1,
    "parents": Map {
      "animation" => {
        "n": 1,
        "y": 0,
      },
    },
    "y": 0,
  },
  "markers-children" => {
    "n": 1,
    "parents": Map {
      "markers" => {
        "n": 1,
        "y": 0,
      },
    },
    "y": 0,
  },
}
`;
