// Jest Snapshot v1, https://goo.gl/fbAQLP

exports[`relottie-extract-features fixtures features Test in trim-path.json should have correct data 1`] = `
Map {
  "version" => {
    "n": 0,
    "parents": Map {
      "animation" => {
        "n": 0,
        "y": 1,
      },
    },
    "y": 1,
  },
  "in-point" => {
    "n": 0,
    "parents": Map {
      "animation" => {
        "n": 0,
        "y": 1,
      },
      "layer-shape" => {
        "n": 0,
        "y": 1,
      },
    },
    "y": 2,
  },
  "out-point" => {
    "n": 0,
    "parents": Map {
      "animation" => {
        "n": 0,
        "y": 1,
      },
      "layer-shape" => {
        "n": 0,
        "y": 1,
      },
    },
    "y": 2,
  },
  "name" => {
    "n": 0,
    "parents": Map {
      "animation" => {
        "n": 0,
        "y": 1,
      },
      "layer-shape" => {
        "n": 0,
        "y": 1,
      },
      "shape-star" => {
        "n": 0,
        "y": 2,
      },
      "shape-ellipse" => {
        "n": 0,
        "y": 1,
      },
      "shape-rectangle" => {
        "n": 0,
        "y": 1,
      },
      "shape-trim" => {
        "n": 0,
        "y": 1,
      },
      "shape-stroke" => {
        "n": 0,
        "y": 1,
      },
    },
    "y": 8,
  },
  "match-name" => {
    "n": 0,
    "parents": Map {
      "animation" => {
        "n": 0,
        "y": 1,
      },
      "layer-shape" => {
        "n": 0,
        "y": 1,
      },
      "shape-star" => {
        "n": 0,
        "y": 2,
      },
      "shape-ellipse" => {
        "n": 0,
        "y": 1,
      },
      "shape-rectangle" => {
        "n": 0,
        "y": 1,
      },
      "shape-trim" => {
        "n": 0,
        "y": 1,
      },
      "shape-stroke" => {
        "n": 0,
        "y": 1,
      },
    },
    "y": 8,
  },
  "framerate" => {
    "n": 0,
    "parents": Map {
      "animation" => {
        "n": 0,
        "y": 1,
      },
    },
    "y": 1,
  },
  "width" => {
    "n": 0,
    "parents": Map {
      "animation" => {
        "n": 0,
        "y": 1,
      },
    },
    "y": 1,
  },
  "height" => {
    "n": 0,
    "parents": Map {
      "animation" => {
        "n": 0,
        "y": 1,
      },
    },
    "y": 1,
  },
  "assets" => {
    "n": 1,
    "parents": Map {
      "animation" => {
        "n": 1,
        "y": 0,
      },
    },
    "y": 0,
  },
  "assets-children" => {
    "n": 1,
    "parents": Map {
      "assets" => {
        "n": 1,
        "y": 0,
      },
    },
    "y": 0,
  },
  "composition" => {
    "n": 0,
    "parents": Map {
      "animation" => {
        "n": 0,
        "y": 1,
      },
    },
    "y": 1,
  },
  "composition-children" => {
    "n": 0,
    "parents": Map {
      "composition" => {
        "n": 0,
        "y": 1,
      },
    },
    "y": 1,
  },
  "layer-shape" => {
    "n": 0,
    "parents": Map {
      "composition-children" => {
        "n": 0,
        "y": 1,
      },
    },
    "y": 1,
  },
  "layer-threedimensional" => {
    "n": 1,
    "parents": Map {
      "layer-shape" => {
        "n": 1,
        "y": 0,
      },
    },
    "y": 0,
  },
  "layer-type" => {
    "n": 0,
    "parents": Map {
      "layer-shape" => {
        "n": 0,
        "y": 1,
      },
    },
    "y": 1,
  },
  "composition-index" => {
    "n": 0,
    "parents": Map {
      "layer-shape" => {
        "n": 0,
        "y": 1,
      },
    },
    "y": 1,
  },
  "start-time" => {
    "n": 0,
    "parents": Map {
      "layer-shape" => {
        "n": 0,
        "y": 1,
      },
    },
    "y": 1,
  },
  "layer-transform" => {
    "n": 0,
    "parents": Map {
      "layer-shape" => {
        "n": 0,
        "y": 1,
      },
    },
    "y": 1,
  },
  "layer-transform-children" => {
    "n": 0,
    "parents": Map {
      "layer-transform" => {
        "n": 0,
        "y": 1,
      },
    },
    "y": 1,
  },
  "anchor-point" => {
    "n": 0,
    "parents": Map {
      "layer-transform-children" => {
        "n": 0,
        "y": 1,
      },
    },
    "y": 1,
  },
  "animated-position-static" => {
    "n": 0,
    "parents": Map {
      "anchor-point" => {
        "n": 0,
        "y": 1,
      },
      "translation" => {
        "n": 0,
        "y": 1,
      },
      "animated-position-prop" => {
        "n": 0,
        "y": 4,
      },
    },
    "y": 6,
  },
  "animated" => {
    "n": 0,
    "parents": Map {
      "animated-position-static" => {
        "n": 0,
        "y": 6,
      },
      "animated-multidimensional-static" => {
        "n": 0,
        "y": 4,
      },
      "animated-value-static" => {
        "n": 0,
        "y": 18,
      },
    },
    "y": 28,
  },
  "static-values" => {
    "n": 0,
    "parents": Map {
      "animated-position-static" => {
        "n": 0,
        "y": 6,
      },
      "animated-multidimensional-static" => {
        "n": 0,
        "y": 4,
      },
    },
    "y": 10,
  },
  "static-values-children" => {
    "n": 0,
    "parents": Map {
      "static-values" => {
        "n": 0,
        "y": 10,
      },
    },
    "y": 10,
  },
  "translation" => {
    "n": 0,
    "parents": Map {
      "layer-transform-children" => {
        "n": 0,
        "y": 1,
      },
    },
    "y": 1,
  },
  "layer-transform-scale" => {
    "n": 0,
    "parents": Map {
      "layer-transform-children" => {
        "n": 0,
        "y": 1,
      },
    },
    "y": 1,
  },
  "animated-multidimensional-static" => {
    "n": 0,
    "parents": Map {
      "layer-transform-scale" => {
        "n": 0,
        "y": 1,
      },
      "shape-ellipse-size" => {
        "n": 0,
        "y": 1,
      },
      "shape-rectangle-size" => {
        "n": 0,
        "y": 1,
      },
      "shape-stroke-color" => {
        "n": 0,
        "y": 1,
      },
    },
    "y": 4,
  },
  "rotation-clockwise" => {
    "n": 0,
    "parents": Map {
      "layer-transform-children" => {
        "n": 0,
        "y": 1,
      },
    },
    "y": 1,
  },
  "animated-value-static" => {
    "n": 0,
    "parents": Map {
      "rotation-clockwise" => {
        "n": 0,
        "y": 1,
      },
      "transform-opacity" => {
        "n": 0,
        "y": 1,
      },
      "shape-star-outer-radius" => {
        "n": 0,
        "y": 2,
      },
      "inner-radius" => {
        "n": 0,
        "y": 1,
      },
      "polygon-rotation-clockwise" => {
        "n": 0,
        "y": 2,
      },
      "shape-star-points" => {
        "n": 0,
        "y": 2,
      },
      "shape-star-outer-roundness" => {
        "n": 0,
        "y": 2,
      },
      "inner-roundness" => {
        "n": 0,
        "y": 1,
      },
      "rounded" => {
        "n": 0,
        "y": 1,
      },
      "shape-trim-start" => {
        "n": 0,
        "y": 1,
      },
      "shape-trim-end" => {
        "n": 0,
        "y": 1,
      },
      "shape-trim-offset" => {
        "n": 0,
        "y": 1,
      },
      "stroke-opacity" => {
        "n": 0,
        "y": 1,
      },
      "stroke-width" => {
        "n": 0,
        "y": 1,
      },
    },
    "y": 18,
  },
  "static-value" => {
    "n": 0,
    "parents": Map {
      "animated-value-static" => {
        "n": 0,
        "y": 18,
      },
    },
    "y": 18,
  },
  "transform-opacity" => {
    "n": 0,
    "parents": Map {
      "layer-transform-children" => {
        "n": 0,
        "y": 1,
      },
    },
    "y": 1,
  },
  "shape-list" => {
    "n": 0,
    "parents": Map {
      "layer-shape" => {
        "n": 0,
        "y": 1,
      },
    },
    "y": 1,
  },
  "shape-list-children" => {
    "n": 0,
    "parents": Map {
      "shape-list" => {
        "n": 0,
        "y": 1,
      },
    },
    "y": 1,
  },
  "shape-star" => {
    "n": 0,
    "parents": Map {
      "shape-list-children" => {
        "n": 0,
        "y": 2,
      },
    },
    "y": 2,
  },
  "shape-type" => {
    "n": 0,
    "parents": Map {
      "shape-star" => {
        "n": 0,
        "y": 2,
      },
      "shape-ellipse" => {
        "n": 0,
        "y": 1,
      },
      "shape-rectangle" => {
        "n": 0,
        "y": 1,
      },
      "shape-trim" => {
        "n": 0,
        "y": 1,
      },
      "shape-stroke" => {
        "n": 0,
        "y": 1,
      },
    },
    "y": 6,
  },
  "animated-position-prop" => {
    "n": 0,
    "parents": Map {
      "shape-star" => {
        "n": 0,
        "y": 2,
      },
      "shape-ellipse" => {
        "n": 0,
        "y": 1,
      },
      "shape-rectangle" => {
        "n": 0,
        "y": 1,
      },
    },
    "y": 4,
  },
  "shape-star-outer-radius" => {
    "n": 0,
    "parents": Map {
      "shape-star" => {
        "n": 0,
        "y": 2,
      },
    },
    "y": 2,
  },
  "inner-radius" => {
    "n": 0,
    "parents": Map {
      "shape-star" => {
        "n": 0,
        "y": 1,
      },
    },
    "y": 1,
  },
  "polygon-rotation-clockwise" => {
    "n": 0,
    "parents": Map {
      "shape-star" => {
        "n": 0,
        "y": 2,
      },
    },
    "y": 2,
  },
  "shape-star-points" => {
    "n": 0,
    "parents": Map {
      "shape-star" => {
        "n": 0,
        "y": 2,
      },
    },
    "y": 2,
  },
  "shape-polygon-star-type" => {
    "n": 0,
    "parents": Map {
      "shape-star" => {
        "n": 0,
        "y": 2,
      },
    },
    "y": 2,
  },
  "shape-star-outer-roundness" => {
    "n": 0,
    "parents": Map {
      "shape-star" => {
        "n": 0,
        "y": 2,
      },
    },
    "y": 2,
  },
  "inner-roundness" => {
    "n": 0,
    "parents": Map {
      "shape-star" => {
        "n": 0,
        "y": 1,
      },
    },
    "y": 1,
  },
  "shape-ellipse" => {
    "n": 0,
    "parents": Map {
      "shape-list-children" => {
        "n": 0,
        "y": 1,
      },
    },
    "y": 1,
  },
  "shape-ellipse-size" => {
    "n": 0,
    "parents": Map {
      "shape-ellipse" => {
        "n": 0,
        "y": 1,
      },
    },
    "y": 1,
  },
  "shape-rectangle" => {
    "n": 0,
    "parents": Map {
      "shape-list-children" => {
        "n": 0,
        "y": 1,
      },
    },
    "y": 1,
  },
  "shape-direction-clockwise" => {
    "n": 0,
    "parents": Map {
      "shape-rectangle" => {
        "n": 0,
        "y": 1,
      },
    },
    "y": 1,
  },
  "shape-rectangle-size" => {
    "n": 0,
    "parents": Map {
      "shape-rectangle" => {
        "n": 0,
        "y": 1,
      },
    },
    "y": 1,
  },
  "rounded" => {
    "n": 0,
    "parents": Map {
      "shape-rectangle" => {
        "n": 0,
        "y": 1,
      },
    },
    "y": 1,
  },
  "shape-trim" => {
    "n": 0,
    "parents": Map {
      "shape-list-children" => {
        "n": 0,
        "y": 1,
      },
    },
    "y": 1,
  },
  "shape-trim-start" => {
    "n": 0,
    "parents": Map {
      "shape-trim" => {
        "n": 0,
        "y": 1,
      },
    },
    "y": 1,
  },
  "shape-trim-end" => {
    "n": 0,
    "parents": Map {
      "shape-trim" => {
        "n": 0,
        "y": 1,
      },
    },
    "y": 1,
  },
  "shape-trim-offset" => {
    "n": 0,
    "parents": Map {
      "shape-trim" => {
        "n": 0,
        "y": 1,
      },
    },
    "y": 1,
  },
  "trim-multiple-shapes-simultaneously" => {
    "n": 0,
    "parents": Map {
      "shape-trim" => {
        "n": 0,
        "y": 1,
      },
    },
    "y": 1,
  },
  "shape-stroke" => {
    "n": 0,
    "parents": Map {
      "shape-list-children" => {
        "n": 0,
        "y": 1,
      },
    },
    "y": 1,
  },
  "stroke-opacity" => {
    "n": 0,
    "parents": Map {
      "shape-stroke" => {
        "n": 0,
        "y": 1,
      },
    },
    "y": 1,
  },
  "shape-stroke-color" => {
    "n": 0,
    "parents": Map {
      "shape-stroke" => {
        "n": 0,
        "y": 1,
      },
    },
    "y": 1,
  },
  "line-cap-round" => {
    "n": 0,
    "parents": Map {
      "shape-stroke" => {
        "n": 0,
        "y": 1,
      },
    },
    "y": 1,
  },
  "line-join-round" => {
    "n": 0,
    "parents": Map {
      "shape-stroke" => {
        "n": 0,
        "y": 1,
      },
    },
    "y": 1,
  },
  "miter-limit-value" => {
    "n": 0,
    "parents": Map {
      "shape-stroke" => {
        "n": 0,
        "y": 1,
      },
    },
    "y": 1,
  },
  "stroke-width" => {
    "n": 0,
    "parents": Map {
      "shape-stroke" => {
        "n": 0,
        "y": 1,
      },
    },
    "y": 1,
  },
  "metadata" => {
    "n": 0,
    "parents": Map {
      "animation" => {
        "n": 0,
        "y": 1,
      },
    },
    "y": 1,
  },
  "metadata-children" => {
    "n": 0,
    "parents": Map {
      "metadata" => {
        "n": 0,
        "y": 1,
      },
    },
    "y": 1,
  },
  "generator" => {
    "n": 0,
    "parents": Map {
      "metadata-children" => {
        "n": 0,
        "y": 1,
      },
    },
    "y": 1,
  },
}
`;
