// Jest Snapshot v1, https://goo.gl/fbAQLP

exports[`relottie-metadata fixtures features Test in 3d-parenting.json should have correct data 1`] = `
{
  "colors": Set {
    "#ffffff",
    "#8080ff",
    "#ff80ff",
    "#0080ff",
    "#008080",
    "#ff8080",
    "#ff8000",
    "#008000",
    "#808000",
  },
  "fileSize": {
    "bytes": 4004,
    "formated": {
      "exponent": 1,
      "symbol": "KiB",
      "unit": "KiB",
      "value": "3.91",
    },
  },
  "framerate": 60,
  "frames": 120,
  "generator": "",
  "height": 512,
  "inPoint": 0,
  "outPoint": 120,
  "version": "5.9.2",
  "width": 512,
}
`;
