// Jest Snapshot v1, https://goo.gl/fbAQLP

exports[`relottie-metadata fixtures features Test in effects-matte3-image.json should have correct data 1`] = `
{
  "colors": Set {},
  "fileSize": {
    "bytes": 1078,
    "formated": {
      "exponent": 1,
      "symbol": "KiB",
      "unit": "KiB",
      "value": "1.05",
    },
  },
  "framerate": 60,
  "frames": 60,
  "generator": "",
  "height": 512,
  "inPoint": 0,
  "outPoint": 60,
  "version": "5.5.2",
  "width": 512,
}
`;
