// Jest Snapshot v1, https://goo.gl/fbAQLP

exports[`relottie-metadata fixtures features Test in precomp-star-circle.json should have correct data 1`] = `
{
  "colors": Set {
    "#fffa48",
    "#3250b0",
  },
  "fileSize": {
    "bytes": 3896,
    "formated": {
      "exponent": 1,
      "symbol": "KiB",
      "unit": "KiB",
      "value": "3.8",
    },
  },
  "framerate": 60,
  "frames": 60,
  "generator": "",
  "height": 512,
  "inPoint": 0,
  "outPoint": 60,
  "version": "5.7.1",
  "width": 512,
}
`;
