// Jest Snapshot v1, https://goo.gl/fbAQLP

exports[`relottie-metadata fixtures features Test in slots-gradient-fill.json should have correct data 1`] = `
{
  "colors": Set {},
  "fileSize": {
    "bytes": 1333,
    "formated": {
      "exponent": 1,
      "symbol": "KiB",
      "unit": "KiB",
      "value": "1.3",
    },
  },
  "framerate": 60,
  "frames": 121,
  "generator": "LottieFiles AE 3.0.2",
  "height": 550,
  "inPoint": 0,
  "outPoint": 121,
  "version": "4.8.0",
  "width": 550,
}
`;
