// Jest Snapshot v1, https://goo.gl/fbAQLP

exports[`relottie-metadata fixtures features Test in star.json should have correct data 1`] = `
{
  "colors": Set {},
  "fileSize": {
    "bytes": 989,
    "formated": {
      "exponent": 0,
      "symbol": "B",
      "unit": "B",
      "value": "989",
    },
  },
  "framerate": 60,
  "frames": 180,
  "generator": "Glaxnimate 0.4.6-32-gb62899be",
  "height": 512,
  "inPoint": 0,
  "outPoint": 180,
  "version": "5.7.1",
  "width": 512,
}
`;
