// Jest Snapshot v1, https://goo.gl/fbAQLP

exports[`relottie-metadata fixtures extra Test in small-lottie.json should have correct data 1`] = `
{
  "colors": Set {},
  "fileSize": {
    "bytes": 138784,
    "formated": {
      "exponent": 1,
      "symbol": "KiB",
      "unit": "KiB",
      "value": "135.53",
    },
  },
  "framerate": 29.9700012207031,
  "frames": 79.000003217736,
  "generator": "",
  "height": 800,
  "inPoint": 0,
  "outPoint": 79.000003217736,
  "version": "5.0.3",
  "width": 800,
}
`;
