// Jest Snapshot v1, https://goo.gl/fbAQLP

exports[`parse() fixtures structure Test in attribute-1.json should parse correctly 1`] = `
Object {
  "children": Array [
    Object {
      "children": Array [
        Object {
          "position": Object {
            "end": Object {
              "column": 15,
              "line": 2,
              "offset": 16,
            },
            "start": Object {
              "column": 8,
              "line": 2,
              "offset": 9,
            },
          },
          "type": "String",
          "value": "5.5.7",
        },
      ],
      "key": Object {
        "position": Object {
          "end": Object {
            "column": 6,
            "line": 2,
            "offset": 7,
          },
          "start": Object {
            "column": 3,
            "line": 2,
            "offset": 4,
          },
        },
        "type": "Key",
        "value": "v",
      },
      "position": Object {
        "end": Object {
          "column": 15,
          "line": 2,
          "offset": 16,
        },
        "start": Object {
          "column": 3,
          "line": 2,
          "offset": 4,
        },
      },
      "title": "version",
      "type": "Attribute",
    },
    Object {
      "children": Array [
        Object {
          "position": Object {
            "end": Object {
              "column": 10,
              "line": 3,
              "offset": 27,
            },
            "start": Object {
              "column": 9,
              "line": 3,
              "offset": 26,
            },
          },
          "type": "Number",
          "value": 0,
        },
      ],
      "key": Object {
        "position": Object {
          "end": Object {
            "column": 7,
            "line": 3,
            "offset": 24,
          },
          "start": Object {
            "column": 3,
            "line": 3,
            "offset": 20,
          },
        },
        "type": "Key",
        "value": "ip",
      },
      "position": Object {
        "end": Object {
          "column": 10,
          "line": 3,
          "offset": 27,
        },
        "start": Object {
          "column": 3,
          "line": 3,
          "offset": 20,
        },
      },
      "title": "in-point",
      "type": "Attribute",
    },
    Object {
      "children": Array [
        Object {
          "position": Object {
            "end": Object {
              "column": 13,
              "line": 4,
              "offset": 41,
            },
            "start": Object {
              "column": 8,
              "line": 4,
              "offset": 36,
            },
          },
          "type": "Boolean",
          "value": false,
        },
      ],
      "key": Object {
        "position": Object {
          "end": Object {
            "column": 6,
            "line": 4,
            "offset": 34,
          },
          "start": Object {
            "column": 3,
            "line": 4,
            "offset": 31,
          },
        },
        "type": "Key",
        "value": "c",
      },
      "position": Object {
        "end": Object {
          "column": 13,
          "line": 4,
          "offset": 41,
        },
        "start": Object {
          "column": 3,
          "line": 4,
          "offset": 31,
        },
      },
      "title": "custom",
      "type": "Attribute",
    },
    Object {
      "children": Array [
        Object {
          "position": Object {
            "end": Object {
              "column": 16,
              "line": 5,
              "offset": 58,
            },
            "start": Object {
              "column": 12,
              "line": 5,
              "offset": 54,
            },
          },
          "type": "Null",
          "value": null,
        },
      ],
      "key": Object {
        "position": Object {
          "end": Object {
            "column": 10,
            "line": 5,
            "offset": 52,
          },
          "start": Object {
            "column": 3,
            "line": 5,
            "offset": 45,
          },
        },
        "type": "Key",
        "value": "empty",
      },
      "position": Object {
        "end": Object {
          "column": 16,
          "line": 5,
          "offset": 58,
        },
        "start": Object {
          "column": 3,
          "line": 5,
          "offset": 45,
        },
      },
      "title": "custom",
      "type": "Attribute",
    },
  ],
  "hasExpressions": false,
  "position": Object {
    "end": Object {
      "column": 2,
      "line": 6,
      "offset": 60,
    },
    "start": Object {
      "column": 1,
      "line": 1,
      "offset": 0,
    },
  },
  "title": "animation",
  "type": "Root",
}
`;
