// Jest Snapshot v1, https://goo.gl/fbAQLP

exports[`parse() fixtures structure Test in collection-4.json should parse correctly 1`] = `
Object {
  "children": Array [
    Object {
      "children": Array [
        Object {
          "children": Array [
            Object {
              "children": Array [
                Object {
                  "children": Array [
                    Object {
                      "children": Array [],
                      "title": "custom-children",
                      "type": "array",
                    },
                  ],
                  "key": "item2",
                  "title": "custom",
                  "type": "collection",
                },
              ],
              "title": "custom",
              "type": "object",
            },
          ],
          "title": "custom-children",
          "type": "array",
        },
      ],
      "key": "item",
      "title": "custom",
      "type": "collection",
    },
  ],
  "hasExpressions": false,
  "title": "animation",
  "type": "root",
}
`;
