// Jest Snapshot v1, https://goo.gl/fbAQLP

exports[`parse() fixtures structure Test in collection-2.json should parse correctly 1`] = `
Object {
  "children": Array [
    Object {
      "children": Array [
        Object {
          "children": Array [
            Object {
              "children": Array [],
              "title": "custom",
              "type": "Array",
            },
            Object {
              "children": Array [],
              "title": "custom",
              "type": "Array",
            },
          ],
          "title": "custom-children",
          "type": "Array",
        },
      ],
      "key": "item",
      "title": "custom",
      "type": "Collection",
    },
  ],
  "hasExpressions": false,
  "title": "animation",
  "type": "Root",
}
`;
