// Jest Snapshot v1, https://goo.gl/fbAQLP

exports[`parse() fixtures structure Test in element-2.json should parse correctly 1`] = `
Object {
  "children": Array [
    Object {
      "children": Array [
        Object {
          "children": Array [
            Object {
              "children": Array [
                Object {
                  "children": Array [
                    Object {
                      "children": Array [],
                      "position": Object {
                        "end": Object {
                          "column": 17,
                          "line": 4,
                          "offset": 36,
                        },
                        "start": Object {
                          "column": 15,
                          "line": 4,
                          "offset": 34,
                        },
                      },
                      "title": "custom-children",
                      "type": "Object",
                    },
                  ],
                  "key": Object {
                    "position": Object {
                      "end": Object {
                        "column": 13,
                        "line": 4,
                        "offset": 32,
                      },
                      "start": Object {
                        "column": 7,
                        "line": 4,
                        "offset": 26,
                      },
                    },
                    "type": "Key",
                    "value": "name",
                  },
                  "position": Object {
                    "end": Object {
                      "column": 17,
                      "line": 4,
                      "offset": 36,
                    },
                    "start": Object {
                      "column": 7,
                      "line": 4,
                      "offset": 26,
                    },
                  },
                  "title": "custom",
                  "type": "Element",
                },
              ],
              "position": Object {
                "end": Object {
                  "column": 6,
                  "line": 5,
                  "offset": 42,
                },
                "start": Object {
                  "column": 5,
                  "line": 3,
                  "offset": 18,
                },
              },
              "title": "custom",
              "type": "Object",
            },
          ],
          "position": Object {
            "end": Object {
              "column": 4,
              "line": 6,
              "offset": 46,
            },
            "start": Object {
              "column": 11,
              "line": 2,
              "offset": 12,
            },
          },
          "title": "custom-children",
          "type": "Array",
        },
      ],
      "key": Object {
        "position": Object {
          "end": Object {
            "column": 9,
            "line": 2,
            "offset": 10,
          },
          "start": Object {
            "column": 3,
            "line": 2,
            "offset": 4,
          },
        },
        "type": "Key",
        "value": "item",
      },
      "position": Object {
        "end": Object {
          "column": 4,
          "line": 6,
          "offset": 46,
        },
        "start": Object {
          "column": 3,
          "line": 2,
          "offset": 4,
        },
      },
      "title": "custom",
      "type": "Collection",
    },
  ],
  "hasExpressions": false,
  "position": Object {
    "end": Object {
      "column": 2,
      "line": 7,
      "offset": 48,
    },
    "start": Object {
      "column": 1,
      "line": 1,
      "offset": 0,
    },
  },
  "title": "animation",
  "type": "Root",
}
`;
