// Jest Snapshot v1, https://goo.gl/fbAQLP

exports[`parse() fixtures structure Test in element-1.json should parse correctly 1`] = `
Object {
  "children": Array [
    Object {
      "children": Array [
        Object {
          "children": Array [],
          "title": "custom-children",
          "type": "Object",
        },
      ],
      "key": "name",
      "title": "custom",
      "type": "Element",
    },
  ],
  "hasExpressions": false,
  "title": "animation",
  "type": "Root",
}
`;
