// Jest Snapshot v1, https://goo.gl/fbAQLP

exports[`parse() fixtures structure Test in primitive-2.json should parse correctly 1`] = `
Object {
  "children": Array [
    Object {
      "children": Array [
        Object {
          "children": Array [
            Object {
              "children": Array [
                Object {
                  "type": "String",
                  "value": "text",
                },
                Object {
                  "type": "Number",
                  "value": 0,
                },
                Object {
                  "type": "Boolean",
                  "value": true,
                },
                Object {
                  "type": "Null",
                  "value": null,
                },
              ],
              "title": "custom",
              "type": "Array",
            },
          ],
          "title": "custom-children",
          "type": "Array",
        },
      ],
      "key": "item",
      "title": "custom",
      "type": "Collection",
    },
  ],
  "hasExpressions": false,
  "title": "animation",
  "type": "Root",
}
`;
