// Jest Snapshot v1, https://goo.gl/fbAQLP

exports[`parse() fixtures structure Test in primitive-3.json should parse correctly 1`] = `
Object {
  "children": Array [
    Object {
      "children": Array [
        Object {
          "children": Array [
            Object {
              "children": Array [
                Object {
                  "children": Array [
                    Object {
                      "position": Object {
                        "end": Object {
                          "column": 20,
                          "line": 3,
                          "offset": 33,
                        },
                        "start": Object {
                          "column": 14,
                          "line": 3,
                          "offset": 27,
                        },
                      },
                      "type": "String",
                      "value": "text",
                    },
                    Object {
                      "position": Object {
                        "end": Object {
                          "column": 23,
                          "line": 3,
                          "offset": 36,
                        },
                        "start": Object {
                          "column": 22,
                          "line": 3,
                          "offset": 35,
                        },
                      },
                      "type": "Number",
                      "value": 0,
                    },
                    Object {
                      "position": Object {
                        "end": Object {
                          "column": 29,
                          "line": 3,
                          "offset": 42,
                        },
                        "start": Object {
                          "column": 25,
                          "line": 3,
                          "offset": 38,
                        },
                      },
                      "type": "Boolean",
                      "value": true,
                    },
                    Object {
                      "position": Object {
                        "end": Object {
                          "column": 35,
                          "line": 3,
                          "offset": 48,
                        },
                        "start": Object {
                          "column": 31,
                          "line": 3,
                          "offset": 44,
                        },
                      },
                      "type": "Null",
                      "value": null,
                    },
                  ],
                  "position": Object {
                    "end": Object {
                      "column": 36,
                      "line": 3,
                      "offset": 49,
                    },
                    "start": Object {
                      "column": 13,
                      "line": 3,
                      "offset": 26,
                    },
                  },
                  "title": "custom-children",
                  "type": "Array",
                },
              ],
              "key": Object {
                "position": Object {
                  "end": Object {
                    "column": 11,
                    "line": 3,
                    "offset": 24,
                  },
                  "start": Object {
                    "column": 5,
                    "line": 3,
                    "offset": 18,
                  },
                },
                "type": "Key",
                "value": "item",
              },
              "position": Object {
                "end": Object {
                  "column": 36,
                  "line": 3,
                  "offset": 49,
                },
                "start": Object {
                  "column": 5,
                  "line": 3,
                  "offset": 18,
                },
              },
              "title": "custom",
              "type": "Collection",
            },
          ],
          "position": Object {
            "end": Object {
              "column": 4,
              "line": 4,
              "offset": 53,
            },
            "start": Object {
              "column": 11,
              "line": 2,
              "offset": 12,
            },
          },
          "title": "custom-children",
          "type": "Object",
        },
      ],
      "key": Object {
        "position": Object {
          "end": Object {
            "column": 9,
            "line": 2,
            "offset": 10,
          },
          "start": Object {
            "column": 3,
            "line": 2,
            "offset": 4,
          },
        },
        "type": "Key",
        "value": "name",
      },
      "position": Object {
        "end": Object {
          "column": 4,
          "line": 4,
          "offset": 53,
        },
        "start": Object {
          "column": 3,
          "line": 2,
          "offset": 4,
        },
      },
      "title": "custom",
      "type": "Element",
    },
  ],
  "hasExpressions": false,
  "position": Object {
    "end": Object {
      "column": 2,
      "line": 5,
      "offset": 55,
    },
    "start": Object {
      "column": 1,
      "line": 1,
      "offset": 0,
    },
  },
  "title": "animation",
  "type": "Root",
}
`;
